[wojak-studio.com/index.html]
[backblue.gif]
[fade.gif]
[index.html]
[wojak-studio.com/favicon.ico]
[wojak-studio.com/css/themes.css]
[wojak-studio.com/css/fonts.css]
[wojak-studio.com/css/fa.css]
[wojak-studio.com/css/nano.min.css]
[wojak-studio.com/res/bases/happy_smug.png]
[wojak-studio.com/js/dexie.min.js]
[wojak-studio.com/js/fabric.min.js]
[wojak-studio.com/js/pickr.min.js]
[wojak-studio.com/js/ajax.min.js]
[wojak-studio.com/js/db.min.js]
[wojak-studio.com/css/css.css]
[wojak-studio.com/js/lang.min.js]
[wojak-studio.com/js/layers_lib.min.js]
[wojak-studio.com/js/tools_lib.min.js]
[wojak-studio.com/js/toolsicon_lib.min.js]
[wojak-studio.com/index.html]
[wojak-studio.com/css/themes.css]
[wojak-studio.com/js/js.min.js]
[wojak-studio.com/webfonts/fa-regular-400.woff2]
[wojak-studio.com/webfonts/fa-regular-400.woff]
[wojak-studio.com/webfonts/fa-regular-400.ttf]
[wojak-studio.com/webfonts/fa-light-300.woff2]
[wojak-studio.com/webfonts/fa-light-300.woff]
[wojak-studio.com/webfonts/fa-light-300.ttf]
[wojak-studio.com/webfonts/fa-solid-900.woff2]
[wojak-studio.com/webfonts/fa-solid-900.woff]
[wojak-studio.com/webfonts/fa-solid-900.ttf]
[wojak-studio.com/webfonts/LondrinaSolid-Black.woff2]
[wojak-studio.com/webfonts/LondrinaSolid-Black.woff]
[wojak-studio.com/webfonts/LondrinaSolid-Black.ttf]
[wojak-studio.com/webfonts/LondrinaSolid-Light.woff2]
[wojak-studio.com/webfonts/LondrinaSolid-Light.woff]
[wojak-studio.com/webfonts/LondrinaSolid-Light.ttf]
[wojak-studio.com/webfonts/LondrinaSolid-Regular.woff2]
[wojak-studio.com/webfonts/LondrinaSolid-Regular.woff]
[wojak-studio.com/webfonts/LondrinaSolid-Regular.ttf]
[wojak-studio.com/webfonts/LondrinaSolid-Thin.woff2]
[wojak-studio.com/webfonts/LondrinaSolid-Thin.woff]
[wojak-studio.com/webfonts/LondrinaSolid-Thin.ttf]
[wojak-studio.com/webfonts/Inder-Regular.woff2]
[wojak-studio.com/webfonts/Inder-Regular.woff]
[wojak-studio.com/webfonts/Inder-Regular.ttf]
[wojak-studio.com/css/fonts.css]
[wojak-studio.com/css/fa.css]
[wojak-studio.com/css/nano.min.css]
[wojak-studio.com/res/bases/white_smug_01.png]
[wojak-studio.com/res/bases/white_smug_02.png]
[www.coffee-france.fr/assets/img/logo.png]
[wojak-studio.com/css/css.css]
